[DQN seed=1] step=  10000  return= -189.12 ± 99.64  t=0s
[DQN seed=1] step=  20000  return= -240.36 ± 106.05  t=25s
[DQN seed=1] step=  30000  return= -122.63 ± 127.37  t=50s
[DQN seed=1] step=  40000  return= -252.03 ± 376.85  t=75s
[DQN seed=1] step=  50000  return= -197.21 ± 142.81  t=99s
[DQN seed=1] step=  60000  return= -132.20 ± 162.67  t=124s
[DQN seed=1] step=  70000  return= -204.04 ± 224.19  t=148s
[DQN seed=1] step=  80000  return= -141.05 ± 235.58  t=171s
[DQN seed=1] step=  90000  return=  -79.92 ± 191.36  t=197s
[DQN seed=1] step= 100000  return= -124.73 ± 266.34  t=223s
[DQN seed=1] step= 110000  return= -169.64 ± 189.92  t=247s
[DQN seed=1] step= 120000  return= -138.27 ± 106.45  t=272s
[DQN seed=1] step= 130000  return= -120.87 ± 119.04  t=297s
[DQN seed=1] step= 140000  return=  -42.98 ± 25.52  t=323s
[DQN seed=1] step= 150000  return=  -41.21 ± 25.39  t=349s
[DQN seed=1] step= 160000  return=  -52.30 ± 20.01  t=375s
[DQN seed=1] step= 170000  return=  -38.58 ± 34.21  t=401s
[DQN seed=1] step= 180000  return=  -42.19 ± 18.05  t=427s
[DQN seed=1] step= 190000  return=  -41.72 ± 24.57  t=452s
[DQN seed=1] step= 200000  return=  -49.15 ± 39.83  t=478s
[DQN seed=1] step= 210000  return=   -9.87 ± 95.63  t=503s
[DQN seed=1] step= 220000  return=  -21.16 ± 102.99  t=529s
[DQN seed=1] step= 230000  return=   29.87 ± 87.76  t=556s
[DQN seed=1] step= 240000  return=  123.69 ± 73.51  t=581s
[DQN seed=1] step= 250000  return=  216.70 ± 41.84  t=607s
[DQN seed=1] step= 260000  return=  181.87 ± 132.00  t=632s
[DQN seed=1] step= 270000  return=  185.21 ± 117.09  t=657s
[DQN seed=1] step= 280000  return=  190.43 ± 49.53  t=683s
[DQN seed=1] step= 290000  return=  201.06 ± 60.33  t=709s
[DQN seed=1] step= 300000  return=  167.07 ± 104.87  t=734s
[DQN seed=1] step= 310000  return=  192.79 ± 70.86  t=760s
[DQN seed=1] step= 320000  return=  166.00 ± 92.55  t=785s
[DQN seed=1] step= 330000  return=  186.61 ± 61.43  t=811s
[DQN seed=1] step= 340000  return=  146.14 ± 89.82  t=837s
[DQN seed=1] step= 350000  return=   88.18 ± 107.07  t=863s
[DQN seed=1] step= 360000  return=  220.78 ± 49.15  t=888s
[DQN seed=1] step= 370000  return=  132.68 ± 114.42  t=913s
[DQN seed=1] step= 380000  return=  218.26 ± 53.55  t=939s
[DQN seed=1] step= 390000  return=  218.94 ± 78.59  t=964s
[DQN seed=1] step= 400000  return=  232.75 ± 113.35  t=989s
[DQN seed=1] step= 410000  return=  257.15 ± 39.08  t=1014s
[DQN seed=1] step= 420000  return=  255.18 ± 30.23  t=1039s
[DQN seed=1] step= 430000  return=  246.32 ± 42.86  t=1065s
[DQN seed=1] step= 440000  return=  269.69 ± 18.73  t=1090s
[DQN seed=1] step= 450000  return=  245.07 ± 30.31  t=1115s
[DQN seed=1] step= 460000  return=  256.08 ± 25.72  t=1140s
[DQN seed=1] step= 470000  return=  275.63 ± 18.97  t=1165s
[DQN seed=1] step= 480000  return=  215.29 ± 132.03  t=1190s
[DQN seed=1] step= 490000  return=  248.86 ± 54.30  t=1215s
[DQN seed=1] step= 500000  return=  270.28 ± 22.66  t=1240s
