[DQN seed=11] step=  10000  return= -578.05 ± 170.80  t=0s
[DQN seed=11] step=  20000  return= -168.31 ± 26.62  t=25s
[DQN seed=11] step=  30000  return= -119.41 ± 20.43  t=50s
[DQN seed=11] step=  40000  return= -269.62 ± 59.68  t=74s
[DQN seed=11] step=  50000  return=  -99.69 ± 27.24  t=99s
[DQN seed=11] step=  60000  return= -134.46 ± 34.51  t=123s
[DQN seed=11] step=  70000  return=  -95.13 ± 35.58  t=147s
[DQN seed=11] step=  80000  return=  -86.37 ± 25.02  t=172s
[DQN seed=11] step=  90000  return=  -60.67 ± 18.88  t=196s
[DQN seed=11] step= 100000  return=  -45.64 ± 34.07  t=221s
[DQN seed=11] step= 110000  return=  -53.92 ± 25.75  t=245s
[DQN seed=11] step= 120000  return=  -71.22 ± 52.23  t=269s
[DQN seed=11] step= 130000  return=  -71.10 ± 55.51  t=294s
[DQN seed=11] step= 140000  return=  -24.28 ± 19.91  t=319s
[DQN seed=11] step= 150000  return=  -15.89 ± 30.39  t=344s
[DQN seed=11] step= 160000  return=   15.69 ± 65.29  t=369s
[DQN seed=11] step= 170000  return=   42.87 ± 132.32  t=393s
[DQN seed=11] step= 180000  return=   82.10 ± 147.36  t=418s
[DQN seed=11] step= 190000  return=   51.34 ± 150.25  t=442s
[DQN seed=11] step= 200000  return=  182.15 ± 110.23  t=466s
[DQN seed=11] step= 210000  return=  153.81 ± 145.62  t=490s
[DQN seed=11] step= 220000  return=  234.09 ± 56.66  t=514s
[DQN seed=11] step= 230000  return=  194.61 ± 122.91  t=539s
[DQN seed=11] step= 240000  return=  178.13 ± 147.19  t=563s
[DQN seed=11] step= 250000  return=  249.95 ± 32.85  t=587s
[DQN seed=11] step= 260000  return=  210.86 ± 89.58  t=611s
[DQN seed=11] step= 270000  return=  220.44 ± 55.93  t=636s
[DQN seed=11] step= 280000  return=  203.56 ± 113.17  t=660s
[DQN seed=11] step= 290000  return=  185.88 ± 101.06  t=684s
[DQN seed=11] step= 300000  return=  229.13 ± 68.61  t=708s
[DQN seed=11] step= 310000  return=  227.14 ± 66.34  t=733s
[DQN seed=11] step= 320000  return=  159.85 ± 138.37  t=757s
[DQN seed=11] step= 330000  return=  242.95 ± 42.24  t=781s
[DQN seed=11] step= 340000  return=  250.46 ± 37.36  t=805s
[DQN seed=11] step= 350000  return=  259.74 ± 22.00  t=830s
[DQN seed=11] step= 360000  return=  262.37 ± 39.04  t=854s
[DQN seed=11] step= 370000  return=  249.39 ± 30.68  t=879s
[DQN seed=11] step= 380000  return=  259.01 ± 26.87  t=903s
[DQN seed=11] step= 390000  return=  254.29 ± 45.85  t=927s
[DQN seed=11] step= 400000  return=  182.37 ± 100.96  t=951s
[DQN seed=11] step= 410000  return=  241.21 ± 56.76  t=976s
[DQN seed=11] step= 420000  return=  214.21 ± 89.32  t=1000s
[DQN seed=11] step= 430000  return=  233.53 ± 51.90  t=1024s
[DQN seed=11] step= 440000  return=  258.69 ± 24.00  t=1046s
[DQN seed=11] step= 450000  return=  242.71 ± 63.66  t=1070s
[DQN seed=11] step= 460000  return=  264.24 ± 41.59  t=1094s
[DQN seed=11] step= 470000  return=  262.69 ± 33.61  t=1117s
[DQN seed=11] step= 480000  return=  182.01 ± 89.66  t=1142s
[DQN seed=11] step= 490000  return=  259.57 ± 24.69  t=1166s
[DQN seed=11] step= 500000  return=  259.77 ± 16.12  t=1190s
