[DQN seed=4] step=  10000  return= -421.32 ± 94.20  t=0s
[DQN seed=4] step=  20000  return=  -95.27 ± 59.45  t=25s
[DQN seed=4] step=  30000  return=  -32.17 ± 44.10  t=50s
[DQN seed=4] step=  40000  return= -135.30 ± 97.91  t=75s
[DQN seed=4] step=  50000  return= -124.96 ± 80.81  t=100s
[DQN seed=4] step=  60000  return=  -81.50 ± 117.38  t=124s
[DQN seed=4] step=  70000  return=  -31.64 ± 100.84  t=149s
[DQN seed=4] step=  80000  return=   65.71 ± 180.12  t=173s
[DQN seed=4] step=  90000  return=  120.95 ± 115.68  t=197s
[DQN seed=4] step= 100000  return=  115.56 ± 143.48  t=222s
[DQN seed=4] step= 110000  return=   27.65 ± 151.07  t=247s
[DQN seed=4] step= 120000  return= -167.84 ± 88.80  t=272s
[DQN seed=4] step= 130000  return=    9.55 ± 116.29  t=297s
[DQN seed=4] step= 140000  return=  -35.45 ± 90.93  t=323s
[DQN seed=4] step= 150000  return=   -7.19 ± 58.06  t=349s
[DQN seed=4] step= 160000  return=   97.04 ± 90.87  t=374s
[DQN seed=4] step= 170000  return=   21.33 ± 99.72  t=400s
[DQN seed=4] step= 180000  return=  111.11 ± 58.81  t=425s
[DQN seed=4] step= 190000  return=  126.90 ± 104.55  t=451s
[DQN seed=4] step= 200000  return= -164.55 ± 21.01  t=476s
[DQN seed=4] step= 210000  return= -137.94 ± 94.31  t=501s
[DQN seed=4] step= 220000  return=  209.50 ± 72.79  t=526s
[DQN seed=4] step= 230000  return=  164.76 ± 130.48  t=552s
[DQN seed=4] step= 240000  return=   70.56 ± 85.52  t=578s
[DQN seed=4] step= 250000  return=  154.48 ± 104.12  t=603s
[DQN seed=4] step= 260000  return=  240.64 ± 18.17  t=628s
[DQN seed=4] step= 270000  return=  194.90 ± 43.94  t=653s
[DQN seed=4] step= 280000  return=  229.18 ± 45.38  t=678s
[DQN seed=4] step= 290000  return=  226.21 ± 41.15  t=703s
[DQN seed=4] step= 300000  return=  235.06 ± 55.35  t=728s
[DQN seed=4] step= 310000  return=    1.32 ± 123.66  t=754s
[DQN seed=4] step= 320000  return=  259.80 ± 22.75  t=778s
[DQN seed=4] step= 330000  return=  240.21 ± 48.94  t=803s
[DQN seed=4] step= 340000  return=    8.13 ± 130.66  t=828s
[DQN seed=4] step= 350000  return=  247.12 ± 44.52  t=852s
[DQN seed=4] step= 360000  return=  236.88 ± 32.83  t=877s
[DQN seed=4] step= 370000  return=  278.51 ± 14.26  t=902s
[DQN seed=4] step= 380000  return=  207.92 ± 51.38  t=927s
[DQN seed=4] step= 390000  return=  251.84 ± 50.95  t=952s
[DQN seed=4] step= 400000  return=  226.28 ± 44.55  t=976s
[DQN seed=4] step= 410000  return=  204.80 ± 51.72  t=1001s
[DQN seed=4] step= 420000  return=  244.74 ± 53.43  t=1025s
[DQN seed=4] step= 430000  return=  187.06 ± 109.61  t=1050s
[DQN seed=4] step= 440000  return=  258.07 ± 27.23  t=1074s
[DQN seed=4] step= 450000  return=  228.41 ± 64.24  t=1098s
[DQN seed=4] step= 460000  return=  237.96 ± 89.57  t=1123s
[DQN seed=4] step= 470000  return=  235.70 ± 58.95  t=1147s
[DQN seed=4] step= 480000  return=  228.33 ± 129.06  t=1172s
[DQN seed=4] step= 490000  return=  275.24 ± 18.33  t=1196s
[DQN seed=4] step= 500000  return=  164.21 ± 92.65  t=1221s
