[DQN seed=10] step=  10000  return= -520.55 ± 142.00  t=0s
[DQN seed=10] step=  20000  return= -201.23 ± 22.25  t=25s
[DQN seed=10] step=  30000  return= -226.51 ± 30.46  t=49s
[DQN seed=10] step=  40000  return=  -63.18 ± 23.59  t=74s
[DQN seed=10] step=  50000  return= -113.87 ± 28.45  t=99s
[DQN seed=10] step=  60000  return=  -96.55 ± 27.39  t=124s
[DQN seed=10] step=  70000  return=  -74.52 ± 30.99  t=149s
[DQN seed=10] step=  80000  return=  -88.62 ± 26.96  t=174s
[DQN seed=10] step=  90000  return=  -64.57 ± 28.58  t=198s
[DQN seed=10] step= 100000  return=  -35.62 ± 26.32  t=224s
[DQN seed=10] step= 110000  return= -122.97 ± 63.03  t=248s
[DQN seed=10] step= 120000  return= -130.78 ± 74.31  t=273s
[DQN seed=10] step= 130000  return= -158.65 ± 83.33  t=297s
[DQN seed=10] step= 140000  return=  -74.43 ± 100.36  t=321s
[DQN seed=10] step= 150000  return=  -80.15 ± 96.48  t=345s
[DQN seed=10] step= 160000  return= -131.01 ± 27.47  t=370s
[DQN seed=10] step= 170000  return=  -91.40 ± 77.99  t=394s
[DQN seed=10] step= 180000  return=  -80.61 ± 84.37  t=419s
[DQN seed=10] step= 190000  return= -137.57 ± 107.10  t=444s
[DQN seed=10] step= 200000  return=  106.94 ± 116.63  t=468s
[DQN seed=10] step= 210000  return=  -49.17 ± 67.13  t=494s
[DQN seed=10] step= 220000  return=  144.36 ± 153.66  t=518s
[DQN seed=10] step= 230000  return=  185.50 ± 118.22  t=543s
[DQN seed=10] step= 240000  return=  217.99 ± 95.57  t=567s
[DQN seed=10] step= 250000  return=  130.48 ± 113.57  t=592s
[DQN seed=10] step= 260000  return=  107.24 ± 157.51  t=617s
[DQN seed=10] step= 270000  return=  221.04 ± 59.68  t=642s
[DQN seed=10] step= 280000  return= -112.36 ± 144.68  t=667s
[DQN seed=10] step= 290000  return=  215.11 ± 77.99  t=691s
[DQN seed=10] step= 300000  return=  201.26 ± 131.56  t=716s
[DQN seed=10] step= 310000  return=  123.46 ± 130.04  t=741s
[DQN seed=10] step= 320000  return=  211.97 ± 108.92  t=766s
[DQN seed=10] step= 330000  return=  249.78 ± 31.47  t=790s
[DQN seed=10] step= 340000  return=  153.73 ± 36.31  t=816s
[DQN seed=10] step= 350000  return=  225.19 ± 76.77  t=841s
[DQN seed=10] step= 360000  return=  226.91 ± 56.50  t=866s
[DQN seed=10] step= 370000  return=  231.80 ± 76.67  t=891s
[DQN seed=10] step= 380000  return=  260.78 ± 47.03  t=915s
[DQN seed=10] step= 390000  return=  226.51 ± 67.39  t=940s
[DQN seed=10] step= 400000  return=  251.61 ± 54.25  t=964s
[DQN seed=10] step= 410000  return=  132.71 ± 83.93  t=990s
[DQN seed=10] step= 420000  return=  244.94 ± 54.21  t=1016s
[DQN seed=10] step= 430000  return=  257.72 ± 44.32  t=1041s
[DQN seed=10] step= 440000  return=  232.50 ± 50.10  t=1066s
[DQN seed=10] step= 450000  return=  187.69 ± 135.87  t=1090s
[DQN seed=10] step= 460000  return=  269.67 ± 31.93  t=1115s
[DQN seed=10] step= 470000  return=  176.04 ± 87.24  t=1140s
[DQN seed=10] step= 480000  return=  265.77 ± 52.12  t=1165s
[DQN seed=10] step= 490000  return=  243.27 ± 89.08  t=1189s
[DQN seed=10] step= 500000  return=  262.60 ± 56.95  t=1213s
