[DQN seed=7] step=  10000  return= -617.30 ± 171.43  t=0s
[DQN seed=7] step=  20000  return= -163.46 ± 41.24  t=26s
[DQN seed=7] step=  30000  return= -136.46 ± 18.54  t=51s
[DQN seed=7] step=  40000  return= -154.57 ± 23.00  t=77s
[DQN seed=7] step=  50000  return= -187.02 ± 45.95  t=102s
[DQN seed=7] step=  60000  return= -314.86 ± 80.76  t=126s
[DQN seed=7] step=  70000  return= -291.59 ± 46.51  t=150s
[DQN seed=7] step=  80000  return= -198.00 ± 22.30  t=175s
[DQN seed=7] step=  90000  return= -180.12 ± 28.62  t=199s
[DQN seed=7] step= 100000  return= -201.69 ± 23.47  t=224s
[DQN seed=7] step= 110000  return= -195.14 ± 25.50  t=248s
[DQN seed=7] step= 120000  return= -204.35 ± 37.19  t=272s
[DQN seed=7] step= 130000  return=  -68.12 ± 41.89  t=298s
[DQN seed=7] step= 140000  return=   23.06 ± 83.09  t=323s
[DQN seed=7] step= 150000  return=  116.30 ± 82.02  t=348s
[DQN seed=7] step= 160000  return=   58.84 ± 112.81  t=373s
[DQN seed=7] step= 170000  return=    5.56 ± 51.07  t=399s
[DQN seed=7] step= 180000  return=  -15.73 ± 46.86  t=424s
[DQN seed=7] step= 190000  return=   99.04 ± 98.86  t=449s
[DQN seed=7] step= 200000  return=   86.84 ± 98.04  t=475s
[DQN seed=7] step= 210000  return=   31.60 ± 103.25  t=500s
[DQN seed=7] step= 220000  return=   70.79 ± 83.59  t=526s
[DQN seed=7] step= 230000  return=  -43.00 ± 56.45  t=551s
[DQN seed=7] step= 240000  return=  -63.77 ± 77.76  t=577s
[DQN seed=7] step= 250000  return=   75.06 ± 115.69  t=602s
[DQN seed=7] step= 260000  return=  111.05 ± 151.84  t=627s
[DQN seed=7] step= 270000  return=  138.11 ± 61.22  t=653s
[DQN seed=7] step= 280000  return=  169.68 ± 55.04  t=678s
[DQN seed=7] step= 290000  return=  152.35 ± 74.49  t=703s
[DQN seed=7] step= 300000  return=  226.66 ± 48.09  t=728s
[DQN seed=7] step= 310000  return=  236.87 ± 81.30  t=753s
[DQN seed=7] step= 320000  return=  247.81 ± 27.38  t=778s
[DQN seed=7] step= 330000  return=  259.65 ± 62.45  t=803s
[DQN seed=7] step= 340000  return=  262.75 ± 31.00  t=828s
[DQN seed=7] step= 350000  return=  260.48 ± 49.69  t=852s
[DQN seed=7] step= 360000  return=  270.38 ± 24.68  t=877s
[DQN seed=7] step= 370000  return=  187.23 ± 111.96  t=902s
[DQN seed=7] step= 380000  return=  266.70 ± 19.91  t=926s
[DQN seed=7] step= 390000  return=  272.35 ± 17.88  t=951s
[DQN seed=7] step= 400000  return=  272.94 ± 33.12  t=976s
[DQN seed=7] step= 410000  return=  266.36 ± 44.15  t=1001s
[DQN seed=7] step= 420000  return=  265.22 ± 23.39  t=1024s
[DQN seed=7] step= 430000  return=  234.09 ± 52.05  t=1049s
[DQN seed=7] step= 440000  return=  253.61 ± 43.04  t=1073s
[DQN seed=7] step= 450000  return=  234.04 ± 76.09  t=1098s
[DQN seed=7] step= 460000  return=  263.43 ± 22.82  t=1122s
[DQN seed=7] step= 470000  return=  223.53 ± 124.64  t=1147s
[DQN seed=7] step= 480000  return=  221.64 ± 125.24  t=1171s
[DQN seed=7] step= 490000  return=  229.19 ± 85.98  t=1196s
[DQN seed=7] step= 500000  return=  227.15 ± 131.43  t=1221s
