[DQN seed=6] step=  10000  return= -121.56 ± 98.32  t=0s
[DQN seed=6] step=  20000  return=  -81.44 ± 103.47  t=25s
[DQN seed=6] step=  30000  return= -119.25 ± 144.43  t=50s
[DQN seed=6] step=  40000  return=  -96.41 ± 135.21  t=74s
[DQN seed=6] step=  50000  return=   52.76 ± 105.80  t=99s
[DQN seed=6] step=  60000  return=    8.50 ± 164.47  t=123s
[DQN seed=6] step=  70000  return=   -4.83 ± 175.16  t=148s
[DQN seed=6] step=  80000  return=  -95.80 ± 152.66  t=171s
[DQN seed=6] step=  90000  return=  -22.45 ± 121.93  t=196s
[DQN seed=6] step= 100000  return= -164.78 ± 56.52  t=221s
[DQN seed=6] step= 110000  return=  -70.71 ± 106.42  t=245s
[DQN seed=6] step= 120000  return=  -84.68 ± 52.71  t=270s
[DQN seed=6] step= 130000  return=  -47.51 ± 66.59  t=294s
[DQN seed=6] step= 140000  return=  180.87 ± 93.48  t=318s
[DQN seed=6] step= 150000  return=   47.23 ± 77.51  t=343s
[DQN seed=6] step= 160000  return=  241.52 ± 22.99  t=367s
[DQN seed=6] step= 170000  return=   54.61 ± 54.16  t=393s
[DQN seed=6] step= 180000  return=  131.16 ± 92.78  t=418s
[DQN seed=6] step= 190000  return=  139.47 ± 83.82  t=442s
[DQN seed=6] step= 200000  return=  149.13 ± 112.58  t=467s
[DQN seed=6] step= 210000  return=  182.37 ± 125.77  t=491s
[DQN seed=6] step= 220000  return=  135.20 ± 54.67  t=516s
[DQN seed=6] step= 230000  return=  129.75 ± 74.19  t=540s
[DQN seed=6] step= 240000  return=  220.88 ± 42.58  t=565s
[DQN seed=6] step= 250000  return=  154.96 ± 119.28  t=589s
[DQN seed=6] step= 260000  return=  221.58 ± 57.69  t=613s
[DQN seed=6] step= 270000  return=  159.78 ± 111.55  t=637s
[DQN seed=6] step= 280000  return=  225.00 ± 47.56  t=662s
[DQN seed=6] step= 290000  return=  230.13 ± 42.15  t=686s
[DQN seed=6] step= 300000  return=  227.50 ± 44.39  t=710s
[DQN seed=6] step= 310000  return=  211.14 ± 75.23  t=735s
[DQN seed=6] step= 320000  return=  214.20 ± 68.31  t=759s
[DQN seed=6] step= 330000  return=  232.46 ± 65.83  t=784s
[DQN seed=6] step= 340000  return=  218.16 ± 105.34  t=808s
[DQN seed=6] step= 350000  return=  220.91 ± 64.24  t=832s
[DQN seed=6] step= 360000  return=  238.08 ± 41.82  t=857s
[DQN seed=6] step= 370000  return=  232.22 ± 46.33  t=881s
[DQN seed=6] step= 380000  return=  234.53 ± 45.22  t=906s
[DQN seed=6] step= 390000  return=  211.00 ± 81.07  t=931s
[DQN seed=6] step= 400000  return=  201.28 ± 70.19  t=955s
[DQN seed=6] step= 410000  return=  195.47 ± 112.34  t=980s
[DQN seed=6] step= 420000  return=  223.61 ± 64.37  t=1004s
[DQN seed=6] step= 430000  return=  238.75 ± 41.68  t=1029s
[DQN seed=6] step= 440000  return=  259.12 ± 21.75  t=1053s
[DQN seed=6] step= 450000  return=  265.39 ± 33.95  t=1077s
[DQN seed=6] step= 460000  return=  230.95 ± 64.86  t=1102s
[DQN seed=6] step= 470000  return=  250.00 ± 48.29  t=1126s
[DQN seed=6] step= 480000  return=  155.85 ± 68.90  t=1152s
[DQN seed=6] step= 490000  return=  261.22 ± 34.21  t=1176s
[DQN seed=6] step= 500000  return=  260.80 ± 22.81  t=1199s
