[DQN seed=2] step=  10000  return= -566.16 ± 159.08  t=0s
[DQN seed=2] step=  20000  return= -149.41 ± 49.83  t=26s
[DQN seed=2] step=  30000  return= -182.25 ± 61.26  t=51s
[DQN seed=2] step=  40000  return= -224.48 ± 42.80  t=77s
[DQN seed=2] step=  50000  return= -204.66 ± 51.05  t=102s
[DQN seed=2] step=  60000  return=  -81.57 ± 48.90  t=127s
[DQN seed=2] step=  70000  return=  -64.08 ± 110.10  t=153s
[DQN seed=2] step=  80000  return=   -2.44 ± 128.71  t=179s
[DQN seed=2] step=  90000  return=  -99.35 ± 93.64  t=204s
[DQN seed=2] step= 100000  return=  -93.33 ± 77.54  t=228s
[DQN seed=2] step= 110000  return= -142.67 ± 35.02  t=253s
[DQN seed=2] step= 120000  return= -144.15 ± 26.71  t=278s
[DQN seed=2] step= 130000  return= -129.27 ± 40.09  t=303s
[DQN seed=2] step= 140000  return=  -88.24 ± 101.15  t=328s
[DQN seed=2] step= 150000  return=   69.47 ± 152.68  t=354s
[DQN seed=2] step= 160000  return=  131.99 ± 108.73  t=379s
[DQN seed=2] step= 170000  return=  123.14 ± 136.32  t=405s
[DQN seed=2] step= 180000  return=  198.31 ± 72.53  t=431s
[DQN seed=2] step= 190000  return=  165.95 ± 55.17  t=456s
[DQN seed=2] step= 200000  return=  155.96 ± 58.92  t=482s
[DQN seed=2] step= 210000  return=  235.56 ± 47.17  t=507s
[DQN seed=2] step= 220000  return=  238.19 ± 37.40  t=533s
[DQN seed=2] step= 230000  return=  237.33 ± 64.38  t=558s
[DQN seed=2] step= 240000  return=  200.67 ± 57.24  t=583s
[DQN seed=2] step= 250000  return=  182.59 ± 57.16  t=609s
[DQN seed=2] step= 260000  return=  255.24 ± 40.51  t=634s
[DQN seed=2] step= 270000  return=  249.80 ± 24.29  t=659s
[DQN seed=2] step= 280000  return=  229.82 ± 88.29  t=684s
[DQN seed=2] step= 290000  return=  199.18 ± 70.24  t=710s
[DQN seed=2] step= 300000  return=  236.48 ± 61.85  t=735s
[DQN seed=2] step= 310000  return=  226.57 ± 61.80  t=761s
[DQN seed=2] step= 320000  return=  157.77 ± 54.35  t=787s
[DQN seed=2] step= 330000  return=  229.36 ± 51.85  t=812s
[DQN seed=2] step= 340000  return=  141.27 ± 144.28  t=838s
[DQN seed=2] step= 350000  return=  255.17 ± 23.02  t=863s
[DQN seed=2] step= 360000  return=  146.07 ± 123.17  t=888s
[DQN seed=2] step= 370000  return=  119.05 ± 115.06  t=914s
[DQN seed=2] step= 380000  return=  164.00 ± 125.40  t=939s
[DQN seed=2] step= 390000  return=  240.27 ± 32.12  t=965s
[DQN seed=2] step= 400000  return=  186.38 ± 116.11  t=990s
[DQN seed=2] step= 410000  return=  195.10 ± 71.89  t=1015s
[DQN seed=2] step= 420000  return=  142.81 ± 137.23  t=1041s
[DQN seed=2] step= 430000  return=  187.22 ± 123.23  t=1066s
[DQN seed=2] step= 440000  return=  184.70 ± 124.48  t=1091s
[DQN seed=2] step= 450000  return=  135.62 ± 162.34  t=1117s
[DQN seed=2] step= 460000  return=  146.29 ± 124.11  t=1143s
[DQN seed=2] step= 470000  return=   34.80 ± 143.48  t=1169s
[DQN seed=2] step= 480000  return=  141.98 ± 148.28  t=1194s
[DQN seed=2] step= 490000  return=  193.30 ± 85.74  t=1219s
[DQN seed=2] step= 500000  return=  251.59 ± 33.69  t=1245s
