[DQN seed=12] step=  10000  return= -203.87 ± 156.89  t=0s
[DQN seed=12] step=  20000  return= -138.76 ± 100.74  t=26s
[DQN seed=12] step=  30000  return= -104.63 ± 35.87  t=51s
[DQN seed=12] step=  40000  return= -188.05 ± 72.88  t=76s
[DQN seed=12] step=  50000  return= -192.67 ± 43.11  t=101s
[DQN seed=12] step=  60000  return= -194.82 ± 62.66  t=127s
[DQN seed=12] step=  70000  return= -179.57 ± 60.95  t=152s
[DQN seed=12] step=  80000  return=  -90.47 ± 114.65  t=177s
[DQN seed=12] step=  90000  return=  -46.71 ± 128.48  t=203s
[DQN seed=12] step= 100000  return= -104.39 ± 89.37  t=229s
[DQN seed=12] step= 110000  return= -153.97 ± 132.18  t=254s
[DQN seed=12] step= 120000  return=   91.44 ± 96.99  t=280s
[DQN seed=12] step= 130000  return=  103.82 ± 90.53  t=305s
[DQN seed=12] step= 140000  return=  -15.39 ± 182.80  t=331s
[DQN seed=12] step= 150000  return=   62.69 ± 122.33  t=357s
[DQN seed=12] step= 160000  return=  -18.95 ± 234.80  t=382s
[DQN seed=12] step= 170000  return=  145.42 ± 63.09  t=408s
[DQN seed=12] step= 180000  return=  128.12 ± 60.86  t=434s
[DQN seed=12] step= 190000  return=  196.59 ± 56.04  t=459s
[DQN seed=12] step= 200000  return=   32.09 ± 120.22  t=485s
[DQN seed=12] step= 210000  return=   77.92 ± 125.46  t=511s
[DQN seed=12] step= 220000  return=  219.66 ± 41.49  t=537s
[DQN seed=12] step= 230000  return=  120.39 ± 154.18  t=563s
[DQN seed=12] step= 240000  return=  222.93 ± 65.59  t=589s
[DQN seed=12] step= 250000  return=  152.54 ± 63.10  t=615s
[DQN seed=12] step= 260000  return=  171.98 ± 93.03  t=640s
[DQN seed=12] step= 270000  return=  146.73 ± 88.91  t=666s
[DQN seed=12] step= 280000  return=  220.12 ± 37.64  t=691s
[DQN seed=12] step= 290000  return=  226.53 ± 53.87  t=717s
[DQN seed=12] step= 300000  return=  243.18 ± 39.64  t=742s
[DQN seed=12] step= 310000  return=  257.96 ± 34.58  t=766s
[DQN seed=12] step= 320000  return=  195.62 ± 134.07  t=791s
[DQN seed=12] step= 330000  return=  219.65 ± 110.10  t=816s
[DQN seed=12] step= 340000  return=  240.04 ± 46.48  t=841s
[DQN seed=12] step= 350000  return=  258.26 ± 33.78  t=866s
[DQN seed=12] step= 360000  return=  247.22 ± 49.93  t=891s
[DQN seed=12] step= 370000  return=  227.49 ± 66.37  t=917s
[DQN seed=12] step= 380000  return=  201.59 ± 52.93  t=941s
[DQN seed=12] step= 390000  return=  252.46 ± 39.14  t=967s
[DQN seed=12] step= 400000  return=  254.66 ± 39.24  t=992s
[DQN seed=12] step= 410000  return=  229.98 ± 44.76  t=1017s
[DQN seed=12] step= 420000  return=  222.65 ± 76.01  t=1042s
[DQN seed=12] step= 430000  return=  253.22 ± 40.61  t=1067s
[DQN seed=12] step= 440000  return=  240.24 ± 60.60  t=1092s
[DQN seed=12] step= 450000  return=  251.30 ± 34.42  t=1117s
[DQN seed=12] step= 460000  return=  213.54 ± 65.31  t=1142s
[DQN seed=12] step= 470000  return=  254.18 ± 39.71  t=1167s
[DQN seed=12] step= 480000  return=  232.90 ± 75.91  t=1192s
[DQN seed=12] step= 490000  return=  254.85 ± 39.14  t=1217s
[DQN seed=12] step= 500000  return=  236.06 ± 88.44  t=1242s
