[DQN seed=14] step=  10000  return= -529.08 ± 119.58  t=0s
[DQN seed=14] step=  20000  return= -129.67 ± 29.99  t=25s
[DQN seed=14] step=  30000  return= -147.37 ± 24.99  t=50s
[DQN seed=14] step=  40000  return= -124.87 ± 18.98  t=75s
[DQN seed=14] step=  50000  return= -109.71 ± 23.39  t=101s
[DQN seed=14] step=  60000  return= -172.14 ± 63.59  t=126s
[DQN seed=14] step=  70000  return= -180.09 ± 58.81  t=150s
[DQN seed=14] step=  80000  return= -222.53 ± 85.07  t=174s
[DQN seed=14] step=  90000  return= -173.20 ± 54.61  t=199s
[DQN seed=14] step= 100000  return= -172.80 ± 56.65  t=224s
[DQN seed=14] step= 110000  return= -185.99 ± 60.09  t=249s
[DQN seed=14] step= 120000  return= -159.29 ± 37.21  t=274s
[DQN seed=14] step= 130000  return= -140.76 ± 27.62  t=299s
[DQN seed=14] step= 140000  return= -182.55 ± 36.64  t=323s
[DQN seed=14] step= 150000  return= -186.41 ± 66.31  t=348s
[DQN seed=14] step= 160000  return= -133.97 ± 26.74  t=374s
[DQN seed=14] step= 170000  return=  -58.28 ± 35.08  t=399s
[DQN seed=14] step= 180000  return=  -47.90 ± 27.46  t=424s
[DQN seed=14] step= 190000  return=  -37.38 ± 21.23  t=450s
[DQN seed=14] step= 200000  return=  -44.40 ± 18.96  t=475s
[DQN seed=14] step= 210000  return=  -64.63 ± 24.77  t=495s
[DQN seed=14] step= 220000  return=    8.87 ± 55.87  t=515s
[DQN seed=14] step= 230000  return=  193.45 ± 30.49  t=534s
[DQN seed=14] step= 240000  return=  -28.30 ± 20.29  t=554s
[DQN seed=14] step= 250000  return=   -9.71 ± 30.93  t=574s
[DQN seed=14] step= 260000  return=  250.74 ± 32.24  t=593s
[DQN seed=14] step= 270000  return=  221.42 ± 59.12  t=612s
[DQN seed=14] step= 280000  return=  216.10 ± 81.83  t=631s
[DQN seed=14] step= 290000  return=  253.01 ± 40.30  t=650s
[DQN seed=14] step= 300000  return=  191.91 ± 107.79  t=669s
[DQN seed=14] step= 310000  return=  236.24 ± 53.37  t=688s
[DQN seed=14] step= 320000  return=  234.06 ± 49.49  t=708s
[DQN seed=14] step= 330000  return=  259.07 ± 35.96  t=727s
[DQN seed=14] step= 340000  return=  214.12 ± 91.63  t=746s
[DQN seed=14] step= 350000  return=  258.64 ± 36.65  t=766s
[DQN seed=14] step= 360000  return=  271.05 ± 24.76  t=785s
[DQN seed=14] step= 370000  return=  246.12 ± 60.37  t=804s
[DQN seed=14] step= 380000  return=  240.33 ± 58.20  t=824s
[DQN seed=14] step= 390000  return=  249.69 ± 71.94  t=843s
[DQN seed=14] step= 400000  return=  241.04 ± 54.75  t=862s
[DQN seed=14] step= 410000  return=  257.87 ± 46.50  t=882s
[DQN seed=14] step= 420000  return=  258.60 ± 28.73  t=901s
[DQN seed=14] step= 430000  return=  191.70 ± 214.81  t=920s
[DQN seed=14] step= 440000  return=  221.89 ± 55.32  t=940s
[DQN seed=14] step= 450000  return=  233.14 ± 53.05  t=959s
[DQN seed=14] step= 460000  return=  202.53 ± 89.53  t=978s
[DQN seed=14] step= 470000  return=  222.88 ± 72.02  t=998s
[DQN seed=14] step= 480000  return=  231.04 ± 44.60  t=1017s
[DQN seed=14] step= 490000  return=  208.96 ± 67.55  t=1037s
[DQN seed=14] step= 500000  return=  196.39 ± 126.70  t=1053s
