[DQN seed=9] step=  10000  return= -769.79 ± 955.59  t=1s
[DQN seed=9] step=  20000  return= -120.90 ± 23.94  t=25s
[DQN seed=9] step=  30000  return= -181.92 ± 28.18  t=49s
[DQN seed=9] step=  40000  return= -164.45 ± 23.04  t=74s
[DQN seed=9] step=  50000  return= -209.88 ± 64.72  t=99s
[DQN seed=9] step=  60000  return= -257.64 ± 78.08  t=123s
[DQN seed=9] step=  70000  return= -170.21 ± 44.36  t=148s
[DQN seed=9] step=  80000  return= -171.78 ± 36.15  t=173s
[DQN seed=9] step=  90000  return= -231.64 ± 67.86  t=198s
[DQN seed=9] step= 100000  return= -200.16 ± 78.18  t=223s
[DQN seed=9] step= 110000  return= -102.75 ± 63.01  t=248s
[DQN seed=9] step= 120000  return=  -64.81 ± 33.56  t=274s
[DQN seed=9] step= 130000  return=  -33.86 ± 24.04  t=299s
[DQN seed=9] step= 140000  return=  -18.47 ± 20.87  t=324s
[DQN seed=9] step= 150000  return=   -8.80 ± 19.22  t=350s
[DQN seed=9] step= 160000  return=    3.13 ± 55.10  t=375s
[DQN seed=9] step= 170000  return=  143.52 ± 79.94  t=400s
[DQN seed=9] step= 180000  return=  -16.83 ± 21.48  t=426s
[DQN seed=9] step= 190000  return=  -35.25 ± 26.98  t=452s
[DQN seed=9] step= 200000  return=   12.10 ± 124.63  t=477s
[DQN seed=9] step= 210000  return=  134.19 ± 157.61  t=501s
[DQN seed=9] step= 220000  return=  149.23 ± 141.24  t=526s
[DQN seed=9] step= 230000  return=  266.99 ± 20.65  t=551s
[DQN seed=9] step= 240000  return=  199.09 ± 120.29  t=576s
[DQN seed=9] step= 250000  return=  253.09 ± 35.67  t=600s
[DQN seed=9] step= 260000  return=  249.46 ± 92.54  t=625s
[DQN seed=9] step= 270000  return=  256.55 ± 42.66  t=650s
[DQN seed=9] step= 280000  return=  254.04 ± 36.22  t=674s
[DQN seed=9] step= 290000  return=  239.35 ± 44.57  t=699s
[DQN seed=9] step= 300000  return=  261.66 ± 42.74  t=724s
[DQN seed=9] step= 310000  return=  262.81 ± 16.87  t=749s
[DQN seed=9] step= 320000  return=  231.55 ± 93.78  t=774s
[DQN seed=9] step= 330000  return=  156.46 ± 92.37  t=799s
[DQN seed=9] step= 340000  return=  257.16 ± 31.13  t=824s
[DQN seed=9] step= 350000  return=  263.02 ± 27.33  t=849s
[DQN seed=9] step= 360000  return=  240.39 ± 49.65  t=874s
[DQN seed=9] step= 370000  return=  255.60 ± 37.81  t=899s
[DQN seed=9] step= 380000  return=  238.80 ± 52.76  t=924s
[DQN seed=9] step= 390000  return=  266.56 ± 33.11  t=949s
[DQN seed=9] step= 400000  return=  222.55 ± 104.04  t=974s
[DQN seed=9] step= 410000  return=  258.86 ± 43.59  t=999s
[DQN seed=9] step= 420000  return=  267.17 ± 23.62  t=1024s
[DQN seed=9] step= 430000  return=  247.98 ± 43.90  t=1049s
[DQN seed=9] step= 440000  return=  242.94 ± 36.93  t=1075s
[DQN seed=9] step= 450000  return=  235.92 ± 58.82  t=1099s
[DQN seed=9] step= 460000  return=  239.94 ± 52.78  t=1124s
[DQN seed=9] step= 470000  return=  241.52 ± 40.95  t=1149s
[DQN seed=9] step= 480000  return=  179.79 ± 148.17  t=1174s
[DQN seed=9] step= 490000  return=  195.73 ± 118.89  t=1199s
[DQN seed=9] step= 500000  return=  264.20 ± 34.76  t=1224s
