[DQN seed=5] step=  10000  return= -521.58 ± 90.39  t=1s
[DQN seed=5] step=  20000  return= -145.49 ± 23.90  t=25s
[DQN seed=5] step=  30000  return= -130.73 ± 22.28  t=50s
[DQN seed=5] step=  40000  return= -154.11 ± 25.26  t=75s
[DQN seed=5] step=  50000  return= -168.32 ± 46.29  t=99s
[DQN seed=5] step=  60000  return= -173.51 ± 53.47  t=124s
[DQN seed=5] step=  70000  return= -147.02 ± 67.16  t=148s
[DQN seed=5] step=  80000  return=  -90.48 ± 36.40  t=173s
[DQN seed=5] step=  90000  return=  -53.83 ± 33.43  t=198s
[DQN seed=5] step= 100000  return=  -97.95 ± 39.01  t=223s
[DQN seed=5] step= 110000  return=  -75.57 ± 28.34  t=249s
[DQN seed=5] step= 120000  return=  -51.90 ± 30.03  t=274s
[DQN seed=5] step= 130000  return=  -45.68 ± 19.84  t=299s
[DQN seed=5] step= 140000  return=  -42.82 ± 21.05  t=324s
[DQN seed=5] step= 150000  return=  -22.72 ± 22.63  t=349s
[DQN seed=5] step= 160000  return=  -25.83 ± 19.07  t=374s
[DQN seed=5] step= 170000  return=  -19.77 ± 22.43  t=399s
[DQN seed=5] step= 180000  return=  -22.88 ± 22.58  t=425s
[DQN seed=5] step= 190000  return=  -21.45 ± 18.92  t=450s
[DQN seed=5] step= 200000  return=  -31.47 ± 20.23  t=475s
[DQN seed=5] step= 210000  return=  -19.50 ± 24.14  t=499s
[DQN seed=5] step= 220000  return=  -33.66 ± 20.41  t=524s
[DQN seed=5] step= 230000  return=  -29.22 ± 15.56  t=549s
[DQN seed=5] step= 240000  return=  -34.49 ± 23.42  t=575s
[DQN seed=5] step= 250000  return=  -12.01 ± 52.81  t=600s
[DQN seed=5] step= 260000  return=  -12.78 ± 65.55  t=625s
[DQN seed=5] step= 270000  return=  141.65 ± 85.43  t=650s
[DQN seed=5] step= 280000  return=  145.09 ± 111.28  t=675s
[DQN seed=5] step= 290000  return=  223.92 ± 45.92  t=699s
[DQN seed=5] step= 300000  return=  130.33 ± 199.88  t=724s
[DQN seed=5] step= 310000  return=  172.75 ± 103.36  t=748s
[DQN seed=5] step= 320000  return=   98.61 ± 139.67  t=773s
[DQN seed=5] step= 330000  return=  214.94 ± 96.78  t=798s
[DQN seed=5] step= 340000  return=  204.83 ± 49.00  t=823s
[DQN seed=5] step= 350000  return=  256.72 ± 32.12  t=847s
[DQN seed=5] step= 360000  return=  142.56 ± 167.18  t=872s
[DQN seed=5] step= 370000  return=  208.54 ± 75.80  t=897s
[DQN seed=5] step= 380000  return=  203.34 ± 76.28  t=921s
[DQN seed=5] step= 390000  return=  261.66 ± 32.46  t=946s
[DQN seed=5] step= 400000  return=  197.20 ± 85.47  t=970s
[DQN seed=5] step= 410000  return=  224.79 ± 36.05  t=995s
[DQN seed=5] step= 420000  return=  267.27 ± 15.54  t=1020s
[DQN seed=5] step= 430000  return=  221.80 ± 66.08  t=1044s
[DQN seed=5] step= 440000  return=  257.07 ± 38.41  t=1068s
[DQN seed=5] step= 450000  return=  216.06 ± 78.38  t=1093s
[DQN seed=5] step= 460000  return=  258.43 ± 54.87  t=1117s
[DQN seed=5] step= 470000  return=  248.75 ± 62.82  t=1142s
[DQN seed=5] step= 480000  return=  234.68 ± 51.33  t=1166s
[DQN seed=5] step= 490000  return=  191.87 ± 75.46  t=1191s
[DQN seed=5] step= 500000  return=  228.41 ± 66.75  t=1216s
