[DQN seed=13] step=  10000  return= -493.62 ± 100.46  t=0s
[DQN seed=13] step=  20000  return=  -72.06 ± 26.70  t=24s
[DQN seed=13] step=  30000  return= -125.92 ± 21.17  t=50s
[DQN seed=13] step=  40000  return= -177.03 ± 23.09  t=75s
[DQN seed=13] step=  50000  return= -125.30 ± 32.31  t=100s
[DQN seed=13] step=  60000  return= -240.47 ± 71.42  t=125s
[DQN seed=13] step=  70000  return= -196.39 ± 111.20  t=151s
[DQN seed=13] step=  80000  return= -184.78 ± 68.56  t=175s
[DQN seed=13] step=  90000  return= -113.71 ± 57.79  t=200s
[DQN seed=13] step= 100000  return=   32.54 ± 155.91  t=225s
[DQN seed=13] step= 110000  return=   -0.61 ± 183.71  t=251s
[DQN seed=13] step= 120000  return=   50.57 ± 117.14  t=276s
[DQN seed=13] step= 130000  return=  196.27 ± 29.02  t=301s
[DQN seed=13] step= 140000  return=  106.81 ± 63.16  t=326s
[DQN seed=13] step= 150000  return=  193.83 ± 26.98  t=351s
[DQN seed=13] step= 160000  return=  130.13 ± 47.29  t=377s
[DQN seed=13] step= 170000  return=  183.53 ± 58.80  t=402s
[DQN seed=13] step= 180000  return=  145.46 ± 60.69  t=427s
[DQN seed=13] step= 190000  return=  132.70 ± 63.27  t=453s
[DQN seed=13] step= 200000  return=  219.40 ± 53.41  t=477s
[DQN seed=13] step= 210000  return=  226.57 ± 59.68  t=498s
[DQN seed=13] step= 220000  return=  232.32 ± 31.23  t=517s
[DQN seed=13] step= 230000  return=  201.46 ± 105.10  t=536s
[DQN seed=13] step= 240000  return=  162.89 ± 65.22  t=556s
[DQN seed=13] step= 250000  return=  228.29 ± 41.58  t=575s
[DQN seed=13] step= 260000  return=  227.48 ± 47.90  t=593s
[DQN seed=13] step= 270000  return=  240.31 ± 40.25  t=612s
[DQN seed=13] step= 280000  return=  225.64 ± 101.97  t=631s
[DQN seed=13] step= 290000  return=  232.15 ± 44.07  t=650s
[DQN seed=13] step= 300000  return=  207.01 ± 33.97  t=669s
[DQN seed=13] step= 310000  return=  184.41 ± 63.48  t=688s
[DQN seed=13] step= 320000  return=  210.08 ± 59.23  t=707s
[DQN seed=13] step= 330000  return=  195.20 ± 70.94  t=726s
[DQN seed=13] step= 340000  return=  214.21 ± 47.47  t=745s
[DQN seed=13] step= 350000  return=  204.64 ± 65.49  t=765s
[DQN seed=13] step= 360000  return=  148.95 ± 119.25  t=784s
[DQN seed=13] step= 370000  return=  203.34 ± 121.29  t=804s
[DQN seed=13] step= 380000  return=  211.40 ± 107.16  t=823s
[DQN seed=13] step= 390000  return=  230.50 ± 61.49  t=842s
[DQN seed=13] step= 400000  return=  227.86 ± 88.18  t=861s
[DQN seed=13] step= 410000  return=  252.75 ± 38.32  t=880s
[DQN seed=13] step= 420000  return=  252.46 ± 37.44  t=900s
[DQN seed=13] step= 430000  return=  255.34 ± 35.69  t=919s
[DQN seed=13] step= 440000  return=  250.49 ± 46.33  t=938s
[DQN seed=13] step= 450000  return=  198.67 ± 93.33  t=957s
[DQN seed=13] step= 460000  return=  256.08 ± 26.29  t=976s
[DQN seed=13] step= 470000  return=  245.63 ± 46.07  t=995s
[DQN seed=13] step= 480000  return=  182.22 ± 129.51  t=1014s
[DQN seed=13] step= 490000  return=  231.71 ± 63.75  t=1033s
[DQN seed=13] step= 500000  return=  236.59 ± 68.13  t=1053s
