[DQN seed=8] step=  10000  return= -472.50 ± 39.14  t=0s
[DQN seed=8] step=  20000  return= -282.60 ± 59.57  t=25s
[DQN seed=8] step=  30000  return= -305.85 ± 40.20  t=50s
[DQN seed=8] step=  40000  return= -276.81 ± 80.11  t=74s
[DQN seed=8] step=  50000  return= -277.94 ± 142.96  t=98s
[DQN seed=8] step=  60000  return= -173.46 ± 105.55  t=123s
[DQN seed=8] step=  70000  return=  -67.24 ± 169.88  t=148s
[DQN seed=8] step=  80000  return=  -14.57 ± 116.22  t=173s
[DQN seed=8] step=  90000  return=  -35.31 ± 120.19  t=198s
[DQN seed=8] step= 100000  return=  110.10 ± 121.24  t=223s
[DQN seed=8] step= 110000  return=  -28.24 ± 32.72  t=248s
[DQN seed=8] step= 120000  return=  209.64 ± 20.62  t=273s
[DQN seed=8] step= 130000  return=   86.75 ± 109.60  t=297s
[DQN seed=8] step= 140000  return=  162.21 ± 71.13  t=322s
[DQN seed=8] step= 150000  return=  -31.82 ± 48.23  t=348s
[DQN seed=8] step= 160000  return=  192.87 ± 38.49  t=372s
[DQN seed=8] step= 170000  return=  170.28 ± 65.13  t=398s
[DQN seed=8] step= 180000  return=  202.27 ± 60.42  t=423s
[DQN seed=8] step= 190000  return=  124.45 ± 38.01  t=448s
[DQN seed=8] step= 200000  return=  202.56 ± 103.03  t=473s
[DQN seed=8] step= 210000  return=  166.91 ± 74.87  t=499s
[DQN seed=8] step= 220000  return=  243.98 ± 33.09  t=524s
[DQN seed=8] step= 230000  return=  218.68 ± 42.48  t=549s
[DQN seed=8] step= 240000  return=  188.97 ± 41.73  t=574s
[DQN seed=8] step= 250000  return=  183.33 ± 60.79  t=599s
[DQN seed=8] step= 260000  return=  148.40 ± 103.99  t=624s
[DQN seed=8] step= 270000  return=  135.55 ± 87.47  t=649s
[DQN seed=8] step= 280000  return=  168.70 ± 131.34  t=674s
[DQN seed=8] step= 290000  return=  203.76 ± 61.30  t=699s
[DQN seed=8] step= 300000  return=  156.25 ± 52.94  t=725s
[DQN seed=8] step= 310000  return=  223.26 ± 64.12  t=750s
[DQN seed=8] step= 320000  return=  219.15 ± 77.60  t=774s
[DQN seed=8] step= 330000  return=  109.35 ± 151.09  t=799s
[DQN seed=8] step= 340000  return=  167.60 ± 95.07  t=824s
[DQN seed=8] step= 350000  return=  237.76 ± 48.36  t=849s
[DQN seed=8] step= 360000  return=  203.58 ± 49.49  t=874s
[DQN seed=8] step= 370000  return=  168.71 ± 106.80  t=900s
[DQN seed=8] step= 380000  return=  233.57 ± 42.23  t=925s
[DQN seed=8] step= 390000  return=  202.51 ± 84.05  t=950s
[DQN seed=8] step= 400000  return=  250.98 ± 28.78  t=975s
[DQN seed=8] step= 410000  return=  265.86 ± 26.45  t=1000s
[DQN seed=8] step= 420000  return=  153.99 ± 74.32  t=1026s
[DQN seed=8] step= 430000  return=  209.32 ± 60.98  t=1052s
[DQN seed=8] step= 440000  return=  154.15 ± 73.72  t=1078s
[DQN seed=8] step= 450000  return=  237.89 ± 46.01  t=1103s
[DQN seed=8] step= 460000  return=  188.72 ± 74.98  t=1128s
[DQN seed=8] step= 470000  return=  138.52 ± 172.55  t=1153s
[DQN seed=8] step= 480000  return=  194.60 ± 50.87  t=1179s
[DQN seed=8] step= 490000  return=  216.47 ± 61.49  t=1204s
[DQN seed=8] step= 500000  return=  250.48 ± 47.39  t=1230s
