[DQN seed=15] step=  10000  return= -445.90 ± 103.94  t=1s
[DQN seed=15] step=  20000  return= -201.16 ± 69.86  t=25s
[DQN seed=15] step=  30000  return= -138.06 ± 22.02  t=51s
[DQN seed=15] step=  40000  return= -134.50 ± 23.14  t=76s
[DQN seed=15] step=  50000  return= -115.86 ± 23.07  t=101s
[DQN seed=15] step=  60000  return= -179.41 ± 82.58  t=126s
[DQN seed=15] step=  70000  return= -227.02 ± 88.05  t=150s
[DQN seed=15] step=  80000  return= -102.52 ± 34.25  t=175s
[DQN seed=15] step=  90000  return= -126.41 ± 50.04  t=200s
[DQN seed=15] step= 100000  return=  -84.16 ± 20.96  t=225s
[DQN seed=15] step= 110000  return=  -86.02 ± 24.90  t=250s
[DQN seed=15] step= 120000  return=  -58.87 ± 30.95  t=275s
[DQN seed=15] step= 130000  return=  -69.13 ± 76.25  t=300s
[DQN seed=15] step= 140000  return=  -45.05 ± 90.22  t=323s
[DQN seed=15] step= 150000  return=  -66.05 ± 76.02  t=342s
[DQN seed=15] step= 160000  return=  -43.68 ± 57.26  t=362s
[DQN seed=15] step= 170000  return=  -33.92 ± 29.63  t=381s
[DQN seed=15] step= 180000  return=  -35.62 ± 24.44  t=400s
[DQN seed=15] step= 190000  return=  -37.45 ± 19.50  t=419s
[DQN seed=15] step= 200000  return=  -35.29 ± 25.90  t=439s
[DQN seed=15] step= 210000  return=  -34.89 ± 23.75  t=458s
[DQN seed=15] step= 220000  return=   21.06 ± 130.13  t=477s
[DQN seed=15] step= 230000  return=    6.34 ± 27.70  t=496s
[DQN seed=15] step= 240000  return=  -23.86 ± 54.01  t=516s
[DQN seed=15] step= 250000  return=   93.38 ± 79.86  t=535s
[DQN seed=15] step= 260000  return=  -14.52 ± 89.58  t=555s
[DQN seed=15] step= 270000  return=   84.19 ± 122.27  t=574s
[DQN seed=15] step= 280000  return=  161.71 ± 137.76  t=593s
[DQN seed=15] step= 290000  return=  205.21 ± 53.66  t=612s
[DQN seed=15] step= 300000  return=  249.83 ± 33.66  t=631s
[DQN seed=15] step= 310000  return=  263.38 ± 21.59  t=650s
[DQN seed=15] step= 320000  return=  204.85 ± 128.75  t=669s
[DQN seed=15] step= 330000  return=  128.75 ± 187.44  t=688s
[DQN seed=15] step= 340000  return=  217.29 ± 112.01  t=706s
[DQN seed=15] step= 350000  return=  196.62 ± 105.57  t=725s
[DQN seed=15] step= 360000  return=  254.47 ± 36.93  t=744s
[DQN seed=15] step= 370000  return=   98.76 ± 190.79  t=763s
[DQN seed=15] step= 380000  return=  250.79 ± 37.84  t=782s
[DQN seed=15] step= 390000  return=  125.88 ± 112.92  t=801s
[DQN seed=15] step= 400000  return=  264.60 ± 27.05  t=819s
[DQN seed=15] step= 410000  return=  213.63 ± 90.13  t=838s
[DQN seed=15] step= 420000  return=  269.06 ± 21.39  t=857s
[DQN seed=15] step= 430000  return=  186.49 ± 139.27  t=876s
[DQN seed=15] step= 440000  return=  259.90 ± 42.48  t=893s
[DQN seed=15] step= 450000  return=  174.08 ± 160.66  t=904s
[DQN seed=15] step= 460000  return=  212.06 ± 105.99  t=916s
[DQN seed=15] step= 470000  return=  225.92 ± 82.30  t=927s
[DQN seed=15] step= 480000  return=  265.67 ± 39.04  t=938s
[DQN seed=15] step= 490000  return=  219.88 ± 52.77  t=949s
[DQN seed=15] step= 500000  return=  271.98 ± 27.23  t=960s
